// Jest Snapshot v1, https://goo.gl/fbAQLP

exports[`App.vue Match with snapshot 1`] = `
<header-component-stub></header-component-stub>
<main>
  <router-view-stub></router-view-stub>
</main>
<footer-component-stub></footer-component-stub>
`;
