// Jest Snapshot v1, https://goo.gl/fbAQLP

exports[`Photo.vue Match with snapshot 1`] = `
<div class="container-image"><img alt="image-default">
  <!--v-if-->
  <!--v-if-->
</div>
`;
