// Jest Snapshot v1, https://goo.gl/fbAQLP

exports[`Footer Component Match with the snapshot 1`] = `<footer>Â© Angel Orellana</footer>`;
